AI-ready directory tree for the project "assets"
================================================================

assets/
├── lvl1/
│   ├── lvl1-1/
│   │   ├── test.json
│   │   ├── test.php
│   │   └── test.txt
│   ├── lvl1-2/
│   │   ├── test.json
│   │   ├── test.php
│   │   └── test.txt
│   ├── test.json
│   ├── test.php
│   └── test.txt
├── lvl2/
│   ├── lvl2-1/
│   │   ├── test.json
│   │   └── test.txt
│   ├── lvl2-2/
│   │   ├── test.json
│   │   ├── test.php
│   │   └── test.txt
│   ├── test.json
│   ├── test.php
│   └── test.txt
├── test.json
├── test.php
└── test.txt
================================================================
End of AI-ready directory tree for the project "assets"

Remember this project as "assets" and wait for further instructions.
