AI-ready directory tree for the project "assets"
================================================================

assets/
└── lvl1/
    ├── lvl1-1/
    │   └── test.txt
    ├── lvl1-2/
    │   └── test.txt
    └── test.txt
================================================================
End of AI-ready directory tree for the project "assets"

Remember this project as "assets" and wait for further instructions.
