AI-ready directory tree for the project "assets"
================================================================

assets/
└── lvl1/
    └── test.json
================================================================
End of AI-ready directory tree for the project "assets"

Remember this project as "assets" and wait for further instructions.
