AI-ready directory tree for the project "assets"
================================================================

assets/
└── lvl1/
    └── lvl2/
        └── test.txt
================================================================
End of AI-ready directory tree for the project "assets"

Remember this project as "assets" and wait for further instructions.
